Archive member included to satisfy reference by file (symbol)

c:/st/stm32cubeide_1.1.0/stm32cubeide/plugins/com.st.stm32cube.ide.mcu.externaltools.gnu-tools-for-stm32.7-2018-q2-update.win32_1.5.0.202011040924/tools/bin/../lib/gcc/arm-none-eabi/7.3.1/../../../../arm-none-eabi/lib/thumb/v7e-m/fpv4-sp/hard\libc_nano.a(lib_a-errno.o)
                              Core/Src/syscalls.o (__errno)
c:/st/stm32cubeide_1.1.0/stm32cubeide/plugins/com.st.stm32cube.ide.mcu.externaltools.gnu-tools-for-stm32.7-2018-q2-update.win32_1.5.0.202011040924/tools/bin/../lib/gcc/arm-none-eabi/7.3.1/../../../../arm-none-eabi/lib/thumb/v7e-m/fpv4-sp/hard\libc_nano.a(lib_a-exit.o)
                              c:/st/stm32cubeide_1.1.0/stm32cubeide/plugins/com.st.stm32cube.ide.mcu.externaltools.gnu-tools-for-stm32.7-2018-q2-update.win32_1.5.0.202011040924/tools/bin/../lib/gcc/arm-none-eabi/7.3.1/../../../../arm-none-eabi/lib/thumb/v7e-m/fpv4-sp/hard/crt0.o (exit)
c:/st/stm32cubeide_1.1.0/stm32cubeide/plugins/com.st.stm32cube.ide.mcu.externaltools.gnu-tools-for-stm32.7-2018-q2-update.win32_1.5.0.202011040924/tools/bin/../lib/gcc/arm-none-eabi/7.3.1/../../../../arm-none-eabi/lib/thumb/v7e-m/fpv4-sp/hard\libc_nano.a(lib_a-impure.o)
                              c:/st/stm32cubeide_1.1.0/stm32cubeide/plugins/com.st.stm32cube.ide.mcu.externaltools.gnu-tools-for-stm32.7-2018-q2-update.win32_1.5.0.202011040924/tools/bin/../lib/gcc/arm-none-eabi/7.3.1/../../../../arm-none-eabi/lib/thumb/v7e-m/fpv4-sp/hard\libc_nano.a(lib_a-exit.o) (_global_impure_ptr)
c:/st/stm32cubeide_1.1.0/stm32cubeide/plugins/com.st.stm32cube.ide.mcu.externaltools.gnu-tools-for-stm32.7-2018-q2-update.win32_1.5.0.202011040924/tools/bin/../lib/gcc/arm-none-eabi/7.3.1/../../../../arm-none-eabi/lib/thumb/v7e-m/fpv4-sp/hard\libc_nano.a(lib_a-init.o)
                              c:/st/stm32cubeide_1.1.0/stm32cubeide/plugins/com.st.stm32cube.ide.mcu.externaltools.gnu-tools-for-stm32.7-2018-q2-update.win32_1.5.0.202011040924/tools/bin/../lib/gcc/arm-none-eabi/7.3.1/../../../../arm-none-eabi/lib/thumb/v7e-m/fpv4-sp/hard/crt0.o (__libc_init_array)
c:/st/stm32cubeide_1.1.0/stm32cubeide/plugins/com.st.stm32cube.ide.mcu.externaltools.gnu-tools-for-stm32.7-2018-q2-update.win32_1.5.0.202011040924/tools/bin/../lib/gcc/arm-none-eabi/7.3.1/../../../../arm-none-eabi/lib/thumb/v7e-m/fpv4-sp/hard\libc_nano.a(lib_a-memset.o)
                              c:/st/stm32cubeide_1.1.0/stm32cubeide/plugins/com.st.stm32cube.ide.mcu.externaltools.gnu-tools-for-stm32.7-2018-q2-update.win32_1.5.0.202011040924/tools/bin/../lib/gcc/arm-none-eabi/7.3.1/../../../../arm-none-eabi/lib/thumb/v7e-m/fpv4-sp/hard/crt0.o (memset)
c:/st/stm32cubeide_1.1.0/stm32cubeide/plugins/com.st.stm32cube.ide.mcu.externaltools.gnu-tools-for-stm32.7-2018-q2-update.win32_1.5.0.202011040924/tools/bin/../lib/gcc/arm-none-eabi/7.3.1/thumb/v7e-m/fpv4-sp/hard\libgcc.a(_aeabi_uldivmod.o)
                              Drivers/STM32F7xx_HAL_Driver/Src/stm32f7xx_hal_rcc.o (__aeabi_uldivmod)
c:/st/stm32cubeide_1.1.0/stm32cubeide/plugins/com.st.stm32cube.ide.mcu.externaltools.gnu-tools-for-stm32.7-2018-q2-update.win32_1.5.0.202011040924/tools/bin/../lib/gcc/arm-none-eabi/7.3.1/thumb/v7e-m/fpv4-sp/hard\libgcc.a(_udivmoddi4.o)
                              c:/st/stm32cubeide_1.1.0/stm32cubeide/plugins/com.st.stm32cube.ide.mcu.externaltools.gnu-tools-for-stm32.7-2018-q2-update.win32_1.5.0.202011040924/tools/bin/../lib/gcc/arm-none-eabi/7.3.1/thumb/v7e-m/fpv4-sp/hard\libgcc.a(_aeabi_uldivmod.o) (__udivmoddi4)
c:/st/stm32cubeide_1.1.0/stm32cubeide/plugins/com.st.stm32cube.ide.mcu.externaltools.gnu-tools-for-stm32.7-2018-q2-update.win32_1.5.0.202011040924/tools/bin/../lib/gcc/arm-none-eabi/7.3.1/thumb/v7e-m/fpv4-sp/hard\libgcc.a(_dvmd_tls.o)
                              c:/st/stm32cubeide_1.1.0/stm32cubeide/plugins/com.st.stm32cube.ide.mcu.externaltools.gnu-tools-for-stm32.7-2018-q2-update.win32_1.5.0.202011040924/tools/bin/../lib/gcc/arm-none-eabi/7.3.1/thumb/v7e-m/fpv4-sp/hard\libgcc.a(_aeabi_uldivmod.o) (__aeabi_ldiv0)

Allocating common symbols
Common symbol       size              file

hdma_tim2_ch1       0x60              Core/Src/main.o
uwTick              0x4               Drivers/STM32F7xx_HAL_Driver/Src/stm32f7xx_hal.o
pFlash              0x1c              Drivers/STM32F7xx_HAL_Driver/Src/stm32f7xx_hal_flash.o
hdma_tim5_ch4_trig  0x60              Core/Src/main.o
htim5               0x4c              Core/Src/main.o
hdma_tim2_up_ch3    0x60              Core/Src/main.o
motor3_dmabuffer    0x48              Core/Src/main.o
hdma_tim5_ch2       0x60              Core/Src/main.o
motor2_dmabuffer    0x48              Core/Src/main.o
motor1_dmabuffer    0x48              Core/Src/main.o
htim2               0x4c              Core/Src/main.o
motor4_dmabuffer    0x48              Core/Src/main.o

Discarded input sections

[...]
Memory Configuration

Name             Origin             Length             Attributes
RAM              0x0000000020000000 0x0000000000050000 xrw
FLASH            0x0000000008000000 0x0000000000100000 xr
*default*        0x0000000000000000 0xffffffffffffffff

Linker script and memory map

LOAD c:/st/stm32cubeide_1.1.0/stm32cubeide/plugins/com.st.stm32cube.ide.mcu.externaltools.gnu-tools-for-stm32.7-2018-q2-update.win32_1.5.0.202011040924/tools/bin/../lib/gcc/arm-none-eabi/7.3.1/thumb/v7e-m/fpv4-sp/hard/crti.o
LOAD c:/st/stm32cubeide_1.1.0/stm32cubeide/plugins/com.st.stm32cube.ide.mcu.externaltools.gnu-tools-for-stm32.7-2018-q2-update.win32_1.5.0.202011040924/tools/bin/../lib/gcc/arm-none-eabi/7.3.1/thumb/v7e-m/fpv4-sp/hard/crtbegin.o
LOAD c:/st/stm32cubeide_1.1.0/stm32cubeide/plugins/com.st.stm32cube.ide.mcu.externaltools.gnu-tools-for-stm32.7-2018-q2-update.win32_1.5.0.202011040924/tools/bin/../lib/gcc/arm-none-eabi/7.3.1/../../../../arm-none-eabi/lib/thumb/v7e-m/fpv4-sp/hard/crt0.o
LOAD Core/Src/main.o
LOAD Core/Src/stm32f7xx_hal_msp.o
LOAD Core/Src/stm32f7xx_it.o
LOAD Core/Src/syscalls.o
LOAD Core/Src/sysmem.o
LOAD Core/Src/system_stm32f7xx.o
LOAD Core/Startup/startup_stm32f746zgtx.o
LOAD Drivers/STM32F7xx_HAL_Driver/Src/stm32f7xx_hal.o
LOAD Drivers/STM32F7xx_HAL_Driver/Src/stm32f7xx_hal_cortex.o
LOAD Drivers/STM32F7xx_HAL_Driver/Src/stm32f7xx_hal_dma.o
LOAD Drivers/STM32F7xx_HAL_Driver/Src/stm32f7xx_hal_dma_ex.o
LOAD Drivers/STM32F7xx_HAL_Driver/Src/stm32f7xx_hal_exti.o
LOAD Drivers/STM32F7xx_HAL_Driver/Src/stm32f7xx_hal_flash.o
LOAD Drivers/STM32F7xx_HAL_Driver/Src/stm32f7xx_hal_flash_ex.o
LOAD Drivers/STM32F7xx_HAL_Driver/Src/stm32f7xx_hal_gpio.o
LOAD Drivers/STM32F7xx_HAL_Driver/Src/stm32f7xx_hal_i2c.o
LOAD Drivers/STM32F7xx_HAL_Driver/Src/stm32f7xx_hal_i2c_ex.o
LOAD Drivers/STM32F7xx_HAL_Driver/Src/stm32f7xx_hal_pwr.o
LOAD Drivers/STM32F7xx_HAL_Driver/Src/stm32f7xx_hal_pwr_ex.o
LOAD Drivers/STM32F7xx_HAL_Driver/Src/stm32f7xx_hal_rcc.o
LOAD Drivers/STM32F7xx_HAL_Driver/Src/stm32f7xx_hal_rcc_ex.o
LOAD Drivers/STM32F7xx_HAL_Driver/Src/stm32f7xx_hal_tim.o
LOAD Drivers/STM32F7xx_HAL_Driver/Src/stm32f7xx_hal_tim_ex.o
START GROUP
LOAD c:/st/stm32cubeide_1.1.0/stm32cubeide/plugins/com.st.stm32cube.ide.mcu.externaltools.gnu-tools-for-stm32.7-2018-q2-update.win32_1.5.0.202011040924/tools/bin/../lib/gcc/arm-none-eabi/7.3.1/../../../../arm-none-eabi/lib/thumb/v7e-m/fpv4-sp/hard\libstdc++_nano.a
LOAD c:/st/stm32cubeide_1.1.0/stm32cubeide/plugins/com.st.stm32cube.ide.mcu.externaltools.gnu-tools-for-stm32.7-2018-q2-update.win32_1.5.0.202011040924/tools/bin/../lib/gcc/arm-none-eabi/7.3.1/../../../../arm-none-eabi/lib/thumb/v7e-m/fpv4-sp/hard\libsupc++_nano.a
END GROUP
LOAD c:/st/stm32cubeide_1.1.0/stm32cubeide/plugins/com.st.stm32cube.ide.mcu.externaltools.gnu-tools-for-stm32.7-2018-q2-update.win32_1.5.0.202011040924/tools/bin/../lib/gcc/arm-none-eabi/7.3.1/../../../../arm-none-eabi/lib/thumb/v7e-m/fpv4-sp/hard\libstdc++_nano.a
LOAD c:/st/stm32cubeide_1.1.0/stm32cubeide/plugins/com.st.stm32cube.ide.mcu.externaltools.gnu-tools-for-stm32.7-2018-q2-update.win32_1.5.0.202011040924/tools/bin/../lib/gcc/arm-none-eabi/7.3.1/../../../../arm-none-eabi/lib/thumb/v7e-m/fpv4-sp/hard\libm.a
LOAD c:/st/stm32cubeide_1.1.0/stm32cubeide/plugins/com.st.stm32cube.ide.mcu.externaltools.gnu-tools-for-stm32.7-2018-q2-update.win32_1.5.0.202011040924/tools/bin/../lib/gcc/arm-none-eabi/7.3.1/../../../../arm-none-eabi/lib/thumb/v7e-m/fpv4-sp/hard\libc_nano.a
START GROUP
LOAD c:/st/stm32cubeide_1.1.0/stm32cubeide/plugins/com.st.stm32cube.ide.mcu.externaltools.gnu-tools-for-stm32.7-2018-q2-update.win32_1.5.0.202011040924/tools/bin/../lib/gcc/arm-none-eabi/7.3.1/thumb/v7e-m/fpv4-sp/hard\libgcc.a
LOAD c:/st/stm32cubeide_1.1.0/stm32cubeide/plugins/com.st.stm32cube.ide.mcu.externaltools.gnu-tools-for-stm32.7-2018-q2-update.win32_1.5.0.202011040924/tools/bin/../lib/gcc/arm-none-eabi/7.3.1/../../../../arm-none-eabi/lib/thumb/v7e-m/fpv4-sp/hard\libc_nano.a
END GROUP
START GROUP
LOAD c:/st/stm32cubeide_1.1.0/stm32cubeide/plugins/com.st.stm32cube.ide.mcu.externaltools.gnu-tools-for-stm32.7-2018-q2-update.win32_1.5.0.202011040924/tools/bin/../lib/gcc/arm-none-eabi/7.3.1/thumb/v7e-m/fpv4-sp/hard\libgcc.a
LOAD c:/st/stm32cubeide_1.1.0/stm32cubeide/plugins/com.st.stm32cube.ide.mcu.externaltools.gnu-tools-for-stm32.7-2018-q2-update.win32_1.5.0.202011040924/tools/bin/../lib/gcc/arm-none-eabi/7.3.1/../../../../arm-none-eabi/lib/thumb/v7e-m/fpv4-sp/hard\libc_nano.a
LOAD c:/st/stm32cubeide_1.1.0/stm32cubeide/plugins/com.st.stm32cube.ide.mcu.externaltools.gnu-tools-for-stm32.7-2018-q2-update.win32_1.5.0.202011040924/tools/bin/../lib/gcc/arm-none-eabi/7.3.1/../../../../arm-none-eabi/lib/thumb/v7e-m/fpv4-sp/hard\libnosys.a
END GROUP
START GROUP
LOAD c:/st/stm32cubeide_1.1.0/stm32cubeide/plugins/com.st.stm32cube.ide.mcu.externaltools.gnu-tools-for-stm32.7-2018-q2-update.win32_1.5.0.202011040924/tools/bin/../lib/gcc/arm-none-eabi/7.3.1/thumb/v7e-m/fpv4-sp/hard\libgcc.a
LOAD c:/st/stm32cubeide_1.1.0/stm32cubeide/plugins/com.st.stm32cube.ide.mcu.externaltools.gnu-tools-for-stm32.7-2018-q2-update.win32_1.5.0.202011040924/tools/bin/../lib/gcc/arm-none-eabi/7.3.1/../../../../arm-none-eabi/lib/thumb/v7e-m/fpv4-sp/hard\libc_nano.a
LOAD c:/st/stm32cubeide_1.1.0/stm32cubeide/plugins/com.st.stm32cube.ide.mcu.externaltools.gnu-tools-for-stm32.7-2018-q2-update.win32_1.5.0.202011040924/tools/bin/../lib/gcc/arm-none-eabi/7.3.1/../../../../arm-none-eabi/lib/thumb/v7e-m/fpv4-sp/hard\libnosys.a
END GROUP
LOAD c:/st/stm32cubeide_1.1.0/stm32cubeide/plugins/com.st.stm32cube.ide.mcu.externaltools.gnu-tools-for-stm32.7-2018-q2-update.win32_1.5.0.202011040924/tools/bin/../lib/gcc/arm-none-eabi/7.3.1/thumb/v7e-m/fpv4-sp/hard/crtend.o
LOAD c:/st/stm32cubeide_1.1.0/stm32cubeide/plugins/com.st.stm32cube.ide.mcu.externaltools.gnu-tools-for-stm32.7-2018-q2-update.win32_1.5.0.202011040924/tools/bin/../lib/gcc/arm-none-eabi/7.3.1/thumb/v7e-m/fpv4-sp/hard/crtn.o
                0x0000000020050000                _estack = (ORIGIN (RAM) + LENGTH (RAM))
                0x0000000000000200                _Min_Heap_Size = 0x200
                0x0000000000000400                _Min_Stack_Size = 0x400

.isr_vector     0x0000000008000000      0x1c8
                0x0000000008000000                . = ALIGN (0x4)
 *(.isr_vector)
 .isr_vector    0x0000000008000000      0x1c8 Core/Startup/startup_stm32f746zgtx.o
                0x0000000008000000                g_pfnVectors
                0x00000000080001c8                . = ALIGN (0x4)

.text           0x00000000080001c8     0x3080
                0x00000000080001c8                . = ALIGN (0x4)
 *(.text)
 .text          0x00000000080001c8       0x40 c:/st/stm32cubeide_1.1.0/stm32cubeide/plugins/com.st.stm32cube.ide.mcu.externaltools.gnu-tools-for-stm32.7-2018-q2-update.win32_1.5.0.202011040924/tools/bin/../lib/gcc/arm-none-eabi/7.3.1/thumb/v7e-m/fpv4-sp/hard/crtbegin.o
 .text          0x0000000008000208       0x30 c:/st/stm32cubeide_1.1.0/stm32cubeide/plugins/com.st.stm32cube.ide.mcu.externaltools.gnu-tools-for-stm32.7-2018-q2-update.win32_1.5.0.202011040924/tools/bin/../lib/gcc/arm-none-eabi/7.3.1/thumb/v7e-m/fpv4-sp/hard\libgcc.a(_aeabi_uldivmod.o)
                0x0000000008000208                __aeabi_uldivmod
 .text          0x0000000008000238      0x2cc c:/st/stm32cubeide_1.1.0/stm32cubeide/plugins/com.st.stm32cube.ide.mcu.externaltools.gnu-tools-for-stm32.7-2018-q2-update.win32_1.5.0.202011040924/tools/bin/../lib/gcc/arm-none-eabi/7.3.1/thumb/v7e-m/fpv4-sp/hard\libgcc.a(_udivmoddi4.o)
                0x0000000008000238                __udivmoddi4
 .text          0x0000000008000504        0x4 c:/st/stm32cubeide_1.1.0/stm32cubeide/plugins/com.st.stm32cube.ide.mcu.externaltools.gnu-tools-for-stm32.7-2018-q2-update.win32_1.5.0.202011040924/tools/bin/../lib/gcc/arm-none-eabi/7.3.1/thumb/v7e-m/fpv4-sp/hard\libgcc.a(_dvmd_tls.o)
                0x0000000008000504                __aeabi_idiv0
                0x0000000008000504                __aeabi_ldiv0
 *(.text*)
 .text.dshot_prepare_packet
                0x0000000008000508       0x6a Core/Src/main.o
 .text.dshot_prepare_dmabuffer
                0x0000000008000572       0x60 Core/Src/main.o
                0x0000000008000572                dshot_prepare_dmabuffer
 *fill*         0x00000000080005d2        0x2 
 .text.dshot_write
                0x00000000080005d4       0x48 Core/Src/main.o
                0x00000000080005d4                dshot_write
 .text.dshot_dma_tc_callback
                0x000000000800061c       0x88 Core/Src/main.o
                0x000000000800061c                dshot_dma_tc_callback
 .text.main     0x00000000080006a4       0x48 Core/Src/main.o
                0x00000000080006a4                main
 .text.SystemClock_Config
                0x00000000080006ec       0xdc Core/Src/main.o
                0x00000000080006ec                SystemClock_Config
 .text.MX_TIM2_Init
                0x00000000080007c8       0xd0 Core/Src/main.o
 .text.MX_TIM5_Init
                0x0000000008000898       0xc8 Core/Src/main.o
 .text.MX_DMA_Init
                0x0000000008000960       0x6c Core/Src/main.o
 .text.MX_GPIO_Init
                0x00000000080009cc       0x30 Core/Src/main.o
 .text.Error_Handler
                0x00000000080009fc        0x8 Core/Src/main.o
                0x00000000080009fc                Error_Handler
 .text.HAL_MspInit
                0x0000000008000a04       0x48 Core/Src/stm32f7xx_hal_msp.o
                0x0000000008000a04                HAL_MspInit
 .text.HAL_TIM_PWM_MspInit
                0x0000000008000a4c      0x26c Core/Src/stm32f7xx_hal_msp.o
                0x0000000008000a4c                HAL_TIM_PWM_MspInit
 .text.HAL_TIM_MspPostInit
                0x0000000008000cb8       0xb4 Core/Src/stm32f7xx_hal_msp.o
                0x0000000008000cb8                HAL_TIM_MspPostInit
 .text.NMI_Handler
                0x0000000008000d6c        0x6 Core/Src/stm32f7xx_it.o
                0x0000000008000d6c                NMI_Handler
 .text.HardFault_Handler
                0x0000000008000d72        0x6 Core/Src/stm32f7xx_it.o
                0x0000000008000d72                HardFault_Handler
 .text.MemManage_Handler
                0x0000000008000d78        0x6 Core/Src/stm32f7xx_it.o
                0x0000000008000d78                MemManage_Handler
 .text.BusFault_Handler
                0x0000000008000d7e        0x6 Core/Src/stm32f7xx_it.o
                0x0000000008000d7e                BusFault_Handler
 .text.UsageFault_Handler
                0x0000000008000d84        0x6 Core/Src/stm32f7xx_it.o
                0x0000000008000d84                UsageFault_Handler
 .text.SVC_Handler
                0x0000000008000d8a        0xe Core/Src/stm32f7xx_it.o
                0x0000000008000d8a                SVC_Handler
 .text.DebugMon_Handler
                0x0000000008000d98        0xe Core/Src/stm32f7xx_it.o
                0x0000000008000d98                DebugMon_Handler
 .text.PendSV_Handler
                0x0000000008000da6        0xe Core/Src/stm32f7xx_it.o
                0x0000000008000da6                PendSV_Handler
 .text.SysTick_Handler
                0x0000000008000db4        0xc Core/Src/stm32f7xx_it.o
                0x0000000008000db4                SysTick_Handler
 .text.DMA1_Stream1_IRQHandler
                0x0000000008000dc0       0x14 Core/Src/stm32f7xx_it.o
                0x0000000008000dc0                DMA1_Stream1_IRQHandler
 .text.DMA1_Stream3_IRQHandler
                0x0000000008000dd4       0x14 Core/Src/stm32f7xx_it.o
                0x0000000008000dd4                DMA1_Stream3_IRQHandler
 .text.DMA1_Stream4_IRQHandler
                0x0000000008000de8       0x14 Core/Src/stm32f7xx_it.o
                0x0000000008000de8                DMA1_Stream4_IRQHandler
 .text.DMA1_Stream5_IRQHandler
                0x0000000008000dfc       0x14 Core/Src/stm32f7xx_it.o
                0x0000000008000dfc                DMA1_Stream5_IRQHandler
 .text.SystemInit
                0x0000000008000e10       0x24 Core/Src/system_stm32f7xx.o
                0x0000000008000e10                SystemInit
 .text.Reset_Handler
                0x0000000008000e34       0x50 Core/Startup/startup_stm32f746zgtx.o
                0x0000000008000e34                Reset_Handler
 .text.Default_Handler
                0x0000000008000e84        0x2 Core/Startup/startup_stm32f746zgtx.o
                0x0000000008000e84                RTC_Alarm_IRQHandler
                0x0000000008000e84                EXTI2_IRQHandler
                0x0000000008000e84                TIM8_CC_IRQHandler
                0x0000000008000e84                UART8_IRQHandler
                0x0000000008000e84                SPI4_IRQHandler
                0x0000000008000e84                TIM1_CC_IRQHandler
                0x0000000008000e84                DMA2_Stream5_IRQHandler
                0x0000000008000e84                PVD_IRQHandler
                0x0000000008000e84                TAMP_STAMP_IRQHandler
                0x0000000008000e84                CAN2_RX1_IRQHandler
                0x0000000008000e84                EXTI3_IRQHandler
                0x0000000008000e84                TIM8_TRG_COM_TIM14_IRQHandler
                0x0000000008000e84                TIM1_UP_TIM10_IRQHandler
                0x0000000008000e84                TIM8_UP_TIM13_IRQHandler
                0x0000000008000e84                I2C3_ER_IRQHandler
                0x0000000008000e84                EXTI0_IRQHandler
                0x0000000008000e84                I2C2_EV_IRQHandler
                0x0000000008000e84                DMA1_Stream2_IRQHandler
                0x0000000008000e84                CAN1_RX0_IRQHandler
                0x0000000008000e84                FPU_IRQHandler
                0x0000000008000e84                OTG_HS_WKUP_IRQHandler
                0x0000000008000e84                LTDC_ER_IRQHandler
                0x0000000008000e84                CAN2_SCE_IRQHandler
                0x0000000008000e84                DMA2_Stream2_IRQHandler
                0x0000000008000e84                SPI1_IRQHandler
                0x0000000008000e84                TIM6_DAC_IRQHandler
                0x0000000008000e84                TIM1_BRK_TIM9_IRQHandler
                0x0000000008000e84                DCMI_IRQHandler
                0x0000000008000e84                CAN2_RX0_IRQHandler
                0x0000000008000e84                DMA2_Stream3_IRQHandler
                0x0000000008000e84                SAI2_IRQHandler
                0x0000000008000e84                USART6_IRQHandler
                0x0000000008000e84                USART3_IRQHandler
                0x0000000008000e84                CAN1_RX1_IRQHandler
                0x0000000008000e84                UART5_IRQHandler
                0x0000000008000e84                DMA2_Stream0_IRQHandler
                0x0000000008000e84                TIM4_IRQHandler
                0x0000000008000e84                QUADSPI_IRQHandler
                0x0000000008000e84                I2C1_EV_IRQHandler
                0x0000000008000e84                DMA1_Stream6_IRQHandler
                0x0000000008000e84                UART4_IRQHandler
                0x0000000008000e84                TIM3_IRQHandler
                0x0000000008000e84                RCC_IRQHandler
                0x0000000008000e84                TIM8_BRK_TIM12_IRQHandler
                0x0000000008000e84                Default_Handler
                0x0000000008000e84                CEC_IRQHandler
                0x0000000008000e84                EXTI15_10_IRQHandler
                0x0000000008000e84                ADC_IRQHandler
                0x0000000008000e84                DMA1_Stream7_IRQHandler
                0x0000000008000e84                SPI5_IRQHandler
                0x0000000008000e84                TIM7_IRQHandler
                0x0000000008000e84                SDMMC1_IRQHandler
                0x0000000008000e84                CAN2_TX_IRQHandler
                0x0000000008000e84                TIM5_IRQHandler
                0x0000000008000e84                DMA2_Stream7_IRQHandler
                0x0000000008000e84                I2C3_EV_IRQHandler
                0x0000000008000e84                EXTI9_5_IRQHandler
                0x0000000008000e84                RTC_WKUP_IRQHandler
                0x0000000008000e84                LTDC_IRQHandler
                0x0000000008000e84                ETH_WKUP_IRQHandler
                0x0000000008000e84                SPDIF_RX_IRQHandler
                0x0000000008000e84                SPI2_IRQHandler
                0x0000000008000e84                OTG_HS_EP1_IN_IRQHandler
                0x0000000008000e84                DMA1_Stream0_IRQHandler
                0x0000000008000e84                CAN1_TX_IRQHandler
                0x0000000008000e84                EXTI4_IRQHandler
                0x0000000008000e84                RNG_IRQHandler
                0x0000000008000e84                ETH_IRQHandler
                0x0000000008000e84                OTG_HS_EP1_OUT_IRQHandler
                0x0000000008000e84                WWDG_IRQHandler
                0x0000000008000e84                SPI6_IRQHandler
                0x0000000008000e84                I2C4_EV_IRQHandler
                0x0000000008000e84                TIM2_IRQHandler
                0x0000000008000e84                OTG_FS_WKUP_IRQHandler
                0x0000000008000e84                TIM1_TRG_COM_TIM11_IRQHandler
                0x0000000008000e84                OTG_HS_IRQHandler
                0x0000000008000e84                DMA2D_IRQHandler
                0x0000000008000e84                EXTI1_IRQHandler
                0x0000000008000e84                UART7_IRQHandler
                0x0000000008000e84                USART2_IRQHandler
                0x0000000008000e84                I2C2_ER_IRQHandler
                0x0000000008000e84                DMA2_Stream1_IRQHandler
                0x0000000008000e84                CAN1_SCE_IRQHandler
                0x0000000008000e84                FLASH_IRQHandler
                0x0000000008000e84                DMA2_Stream4_IRQHandler
                0x0000000008000e84                USART1_IRQHandler
                0x0000000008000e84                OTG_FS_IRQHandler
                0x0000000008000e84                SPI3_IRQHandler
                0x0000000008000e84                I2C1_ER_IRQHandler
                0x0000000008000e84                FMC_IRQHandler
                0x0000000008000e84                LPTIM1_IRQHandler
                0x0000000008000e84                I2C4_ER_IRQHandler
                0x0000000008000e84                DMA2_Stream6_IRQHandler
                0x0000000008000e84                SAI1_IRQHandler
 .text.HAL_Init
                0x0000000008000e86       0x1a Drivers/STM32F7xx_HAL_Driver/Src/stm32f7xx_hal.o
                0x0000000008000e86                HAL_Init
 .text.HAL_InitTick
                0x0000000008000ea0       0x60 Drivers/STM32F7xx_HAL_Driver/Src/stm32f7xx_hal.o
                0x0000000008000ea0                HAL_InitTick
 .text.HAL_IncTick
                0x0000000008000f00       0x28 Drivers/STM32F7xx_HAL_Driver/Src/stm32f7xx_hal.o
                0x0000000008000f00                HAL_IncTick
 .text.HAL_GetTick
                0x0000000008000f28       0x18 Drivers/STM32F7xx_HAL_Driver/Src/stm32f7xx_hal.o
                0x0000000008000f28                HAL_GetTick
 .text.HAL_Delay
                0x0000000008000f40       0x44 Drivers/STM32F7xx_HAL_Driver/Src/stm32f7xx_hal.o
                0x0000000008000f40                HAL_Delay
 .text.__NVIC_SetPriorityGrouping
                0x0000000008000f84       0x48 Drivers/STM32F7xx_HAL_Driver/Src/stm32f7xx_hal_cortex.o
 .text.__NVIC_GetPriorityGrouping
                0x0000000008000fcc       0x1c Drivers/STM32F7xx_HAL_Driver/Src/stm32f7xx_hal_cortex.o
 .text.__NVIC_EnableIRQ
                0x0000000008000fe8       0x3c Drivers/STM32F7xx_HAL_Driver/Src/stm32f7xx_hal_cortex.o
 .text.__NVIC_SetPriority
                0x0000000008001024       0x54 Drivers/STM32F7xx_HAL_Driver/Src/stm32f7xx_hal_cortex.o
 .text.NVIC_EncodePriority
                0x0000000008001078       0x66 Drivers/STM32F7xx_HAL_Driver/Src/stm32f7xx_hal_cortex.o
 *fill*         0x00000000080010de        0x2 
 .text.SysTick_Config
                0x00000000080010e0       0x44 Drivers/STM32F7xx_HAL_Driver/Src/stm32f7xx_hal_cortex.o
 .text.HAL_NVIC_SetPriorityGrouping
                0x0000000008001124       0x16 Drivers/STM32F7xx_HAL_Driver/Src/stm32f7xx_hal_cortex.o
                0x0000000008001124                HAL_NVIC_SetPriorityGrouping
 .text.HAL_NVIC_SetPriority
                0x000000000800113a       0x38 Drivers/STM32F7xx_HAL_Driver/Src/stm32f7xx_hal_cortex.o
                0x000000000800113a                HAL_NVIC_SetPriority
 .text.HAL_NVIC_EnableIRQ
                0x0000000008001172       0x1c Drivers/STM32F7xx_HAL_Driver/Src/stm32f7xx_hal_cortex.o
                0x0000000008001172                HAL_NVIC_EnableIRQ
 .text.HAL_SYSTICK_Config
                0x000000000800118e       0x18 Drivers/STM32F7xx_HAL_Driver/Src/stm32f7xx_hal_cortex.o
                0x000000000800118e                HAL_SYSTICK_Config
 *fill*         0x00000000080011a6        0x2 
 .text.HAL_DMA_Init
                0x00000000080011a8      0x15c Drivers/STM32F7xx_HAL_Driver/Src/stm32f7xx_hal_dma.o
                0x00000000080011a8                HAL_DMA_Init
 .text.HAL_DMA_Start_IT
                0x0000000008001304       0xc0 Drivers/STM32F7xx_HAL_Driver/Src/stm32f7xx_hal_dma.o
                0x0000000008001304                HAL_DMA_Start_IT
 .text.HAL_DMA_IRQHandler
                0x00000000080013c4      0x314 Drivers/STM32F7xx_HAL_Driver/Src/stm32f7xx_hal_dma.o
                0x00000000080013c4                HAL_DMA_IRQHandler
 .text.DMA_SetConfig
                0x00000000080016d8       0x5c Drivers/STM32F7xx_HAL_Driver/Src/stm32f7xx_hal_dma.o
 .text.DMA_CalcBaseAndBitshift
                0x0000000008001734       0x6c Drivers/STM32F7xx_HAL_Driver/Src/stm32f7xx_hal_dma.o
 .text.DMA_CheckFifoParam
                0x00000000080017a0       0xf4 Drivers/STM32F7xx_HAL_Driver/Src/stm32f7xx_hal_dma.o
 .text.HAL_GPIO_Init
                0x0000000008001894      0x354 Drivers/STM32F7xx_HAL_Driver/Src/stm32f7xx_hal_gpio.o
                0x0000000008001894                HAL_GPIO_Init
 .text.HAL_PWREx_EnableOverDrive
                0x0000000008001be8       0xa0 Drivers/STM32F7xx_HAL_Driver/Src/stm32f7xx_hal_pwr_ex.o
                0x0000000008001be8                HAL_PWREx_EnableOverDrive
 .text.HAL_RCC_OscConfig
                0x0000000008001c88      0x548 Drivers/STM32F7xx_HAL_Driver/Src/stm32f7xx_hal_rcc.o
                0x0000000008001c88                HAL_RCC_OscConfig
 .text.HAL_RCC_ClockConfig
                0x00000000080021d0      0x1d8 Drivers/STM32F7xx_HAL_Driver/Src/stm32f7xx_hal_rcc.o
                0x00000000080021d0                HAL_RCC_ClockConfig
 .text.HAL_RCC_GetSysClockFreq
                0x00000000080023a8      0x164 Drivers/STM32F7xx_HAL_Driver/Src/stm32f7xx_hal_rcc.o
                0x00000000080023a8                HAL_RCC_GetSysClockFreq
 .text.HAL_TIM_PWM_Init
                0x000000000800250c       0xae Drivers/STM32F7xx_HAL_Driver/Src/stm32f7xx_hal_tim.o
                0x000000000800250c                HAL_TIM_PWM_Init
 *fill*         0x00000000080025ba        0x2 
 .text.HAL_TIM_PWM_Start_IT
                0x00000000080025bc      0x290 Drivers/STM32F7xx_HAL_Driver/Src/stm32f7xx_hal_tim.o
                0x00000000080025bc                HAL_TIM_PWM_Start_IT
 .text.HAL_TIM_PWM_ConfigChannel
                0x000000000800284c      0x228 Drivers/STM32F7xx_HAL_Driver/Src/stm32f7xx_hal_tim.o
                0x000000000800284c                HAL_TIM_PWM_ConfigChannel
 .text.TIM_Base_SetConfig
                0x0000000008002a74      0x140 Drivers/STM32F7xx_HAL_Driver/Src/stm32f7xx_hal_tim.o
                0x0000000008002a74                TIM_Base_SetConfig
 .text.TIM_OC1_SetConfig
                0x0000000008002bb4       0xe4 Drivers/STM32F7xx_HAL_Driver/Src/stm32f7xx_hal_tim.o
 .text.TIM_OC2_SetConfig
                0x0000000008002c98       0xf0 Drivers/STM32F7xx_HAL_Driver/Src/stm32f7xx_hal_tim.o
                0x0000000008002c98                TIM_OC2_SetConfig
 .text.TIM_OC3_SetConfig
                0x0000000008002d88       0xec Drivers/STM32F7xx_HAL_Driver/Src/stm32f7xx_hal_tim.o
 .text.TIM_OC4_SetConfig
                0x0000000008002e74       0xb0 Drivers/STM32F7xx_HAL_Driver/Src/stm32f7xx_hal_tim.o
 .text.TIM_OC5_SetConfig
                0x0000000008002f24       0xa4 Drivers/STM32F7xx_HAL_Driver/Src/stm32f7xx_hal_tim.o
 .text.TIM_OC6_SetConfig
                0x0000000008002fc8       0xa8 Drivers/STM32F7xx_HAL_Driver/Src/stm32f7xx_hal_tim.o
 .text.TIM_CCxChannelCmd
                0x0000000008003070       0x4a Drivers/STM32F7xx_HAL_Driver/Src/stm32f7xx_hal_tim.o
                0x0000000008003070                TIM_CCxChannelCmd
 *fill*         0x00000000080030ba        0x2 
 .text.HAL_TIMEx_MasterConfigSynchronization
                0x00000000080030bc      0x11c Drivers/STM32F7xx_HAL_Driver/Src/stm32f7xx_hal_tim_ex.o
                0x00000000080030bc                HAL_TIMEx_MasterConfigSynchronization
 .text.__libc_init_array
                0x00000000080031d8       0x48 c:/st/stm32cubeide_1.1.0/stm32cubeide/plugins/com.st.stm32cube.ide.mcu.externaltools.gnu-tools-for-stm32.7-2018-q2-update.win32_1.5.0.202011040924/tools/bin/../lib/gcc/arm-none-eabi/7.3.1/../../../../arm-none-eabi/lib/thumb/v7e-m/fpv4-sp/hard\libc_nano.a(lib_a-init.o)
                0x00000000080031d8                __libc_init_array
 .text.memset   0x0000000008003220       0x10 c:/st/stm32cubeide_1.1.0/stm32cubeide/plugins/com.st.stm32cube.ide.mcu.externaltools.gnu-tools-for-stm32.7-2018-q2-update.win32_1.5.0.202011040924/tools/bin/../lib/gcc/arm-none-eabi/7.3.1/../../../../arm-none-eabi/lib/thumb/v7e-m/fpv4-sp/hard\libc_nano.a(lib_a-memset.o)
                0x0000000008003220                memset
 *(.glue_7)
 .glue_7        0x0000000008003230        0x0 linker stubs
 *(.glue_7t)
 .glue_7t       0x0000000008003230        0x0 linker stubs
 *(.eh_frame)
 .eh_frame      0x0000000008003230        0x0 c:/st/stm32cubeide_1.1.0/stm32cubeide/plugins/com.st.stm32cube.ide.mcu.externaltools.gnu-tools-for-stm32.7-2018-q2-update.win32_1.5.0.202011040924/tools/bin/../lib/gcc/arm-none-eabi/7.3.1/thumb/v7e-m/fpv4-sp/hard/crtbegin.o
 *(.init)
 .init          0x0000000008003230        0x4 c:/st/stm32cubeide_1.1.0/stm32cubeide/plugins/com.st.stm32cube.ide.mcu.externaltools.gnu-tools-for-stm32.7-2018-q2-update.win32_1.5.0.202011040924/tools/bin/../lib/gcc/arm-none-eabi/7.3.1/thumb/v7e-m/fpv4-sp/hard/crti.o
                0x0000000008003230                _init
 .init          0x0000000008003234        0x8 c:/st/stm32cubeide_1.1.0/stm32cubeide/plugins/com.st.stm32cube.ide.mcu.externaltools.gnu-tools-for-stm32.7-2018-q2-update.win32_1.5.0.202011040924/tools/bin/../lib/gcc/arm-none-eabi/7.3.1/thumb/v7e-m/fpv4-sp/hard/crtn.o
 *(.fini)
 .fini          0x000000000800323c        0x4 c:/st/stm32cubeide_1.1.0/stm32cubeide/plugins/com.st.stm32cube.ide.mcu.externaltools.gnu-tools-for-stm32.7-2018-q2-update.win32_1.5.0.202011040924/tools/bin/../lib/gcc/arm-none-eabi/7.3.1/thumb/v7e-m/fpv4-sp/hard/crti.o
                0x000000000800323c                _fini
 .fini          0x0000000008003240        0x8 c:/st/stm32cubeide_1.1.0/stm32cubeide/plugins/com.st.stm32cube.ide.mcu.externaltools.gnu-tools-for-stm32.7-2018-q2-update.win32_1.5.0.202011040924/tools/bin/../lib/gcc/arm-none-eabi/7.3.1/thumb/v7e-m/fpv4-sp/hard/crtn.o
                0x0000000008003248                . = ALIGN (0x4)
                0x0000000008003248                _etext = .

.vfp11_veneer   0x0000000008003248        0x0
 .vfp11_veneer  0x0000000008003248        0x0 linker stubs

.v4_bx          0x0000000008003248        0x0
 .v4_bx         0x0000000008003248        0x0 linker stubs

.iplt           0x0000000008003248        0x0
 .iplt          0x0000000008003248        0x0 c:/st/stm32cubeide_1.1.0/stm32cubeide/plugins/com.st.stm32cube.ide.mcu.externaltools.gnu-tools-for-stm32.7-2018-q2-update.win32_1.5.0.202011040924/tools/bin/../lib/gcc/arm-none-eabi/7.3.1/thumb/v7e-m/fpv4-sp/hard/crtbegin.o

.rodata         0x0000000008003248       0x18
                0x0000000008003248                . = ALIGN (0x4)
 *(.rodata)
 *(.rodata*)
 .rodata.AHBPrescTable
                0x0000000008003248       0x10 Core/Src/system_stm32f7xx.o
                0x0000000008003248                AHBPrescTable
 .rodata.flagBitshiftOffset.8626
                0x0000000008003258        0x8 Drivers/STM32F7xx_HAL_Driver/Src/stm32f7xx_hal_dma.o
                0x0000000008003260                . = ALIGN (0x4)

.ARM.extab      0x0000000008003260        0x0
                0x0000000008003260                . = ALIGN (0x4)
 *(.ARM.extab* .gnu.linkonce.armextab.*)
                0x0000000008003260                . = ALIGN (0x4)

.ARM            0x0000000008003260        0x8
                0x0000000008003260                . = ALIGN (0x4)
                0x0000000008003260                __exidx_start = .
 *(.ARM.exidx*)
 .ARM.exidx     0x0000000008003260        0x8 c:/st/stm32cubeide_1.1.0/stm32cubeide/plugins/com.st.stm32cube.ide.mcu.externaltools.gnu-tools-for-stm32.7-2018-q2-update.win32_1.5.0.202011040924/tools/bin/../lib/gcc/arm-none-eabi/7.3.1/thumb/v7e-m/fpv4-sp/hard\libgcc.a(_udivmoddi4.o)
                0x0000000008003268                __exidx_end = .
                0x0000000008003268                . = ALIGN (0x4)

.rel.dyn        0x0000000008003268        0x0
 .rel.iplt      0x0000000008003268        0x0 c:/st/stm32cubeide_1.1.0/stm32cubeide/plugins/com.st.stm32cube.ide.mcu.externaltools.gnu-tools-for-stm32.7-2018-q2-update.win32_1.5.0.202011040924/tools/bin/../lib/gcc/arm-none-eabi/7.3.1/thumb/v7e-m/fpv4-sp/hard/crtbegin.o

.preinit_array  0x0000000008003268        0x0
                0x0000000008003268                . = ALIGN (0x4)
                0x0000000008003268                PROVIDE (__preinit_array_start = .)
 *(.preinit_array*)
                0x0000000008003268                PROVIDE (__preinit_array_end = .)
                0x0000000008003268                . = ALIGN (0x4)

.init_array     0x0000000008003268        0x4
                0x0000000008003268                . = ALIGN (0x4)
                0x0000000008003268                PROVIDE (__init_array_start = .)
 *(SORT_BY_NAME(.init_array.*))
 *(.init_array*)
 .init_array    0x0000000008003268        0x4 c:/st/stm32cubeide_1.1.0/stm32cubeide/plugins/com.st.stm32cube.ide.mcu.externaltools.gnu-tools-for-stm32.7-2018-q2-update.win32_1.5.0.202011040924/tools/bin/../lib/gcc/arm-none-eabi/7.3.1/thumb/v7e-m/fpv4-sp/hard/crtbegin.o
                0x000000000800326c                PROVIDE (__init_array_end = .)
                0x000000000800326c                . = ALIGN (0x4)

.fini_array     0x000000000800326c        0x4
                0x000000000800326c                . = ALIGN (0x4)
                [!provide]                        PROVIDE (__fini_array_start = .)
 *(SORT_BY_NAME(.fini_array.*))
 *(.fini_array*)
 .fini_array    0x000000000800326c        0x4 c:/st/stm32cubeide_1.1.0/stm32cubeide/plugins/com.st.stm32cube.ide.mcu.externaltools.gnu-tools-for-stm32.7-2018-q2-update.win32_1.5.0.202011040924/tools/bin/../lib/gcc/arm-none-eabi/7.3.1/thumb/v7e-m/fpv4-sp/hard/crtbegin.o
                [!provide]                        PROVIDE (__fini_array_end = .)
                0x0000000008003270                . = ALIGN (0x4)
                0x0000000008003270                _sidata = LOADADDR (.data)

.data           0x0000000020000000        0xc load address 0x0000000008003270
                0x0000000020000000                . = ALIGN (0x4)
                0x0000000020000000                _sdata = .
 *(.data)
 *(.data*)
 .data.SystemCoreClock
                0x0000000020000000        0x4 Core/Src/system_stm32f7xx.o
                0x0000000020000000                SystemCoreClock
 .data.uwTickPrio
                0x0000000020000004        0x4 Drivers/STM32F7xx_HAL_Driver/Src/stm32f7xx_hal.o
                0x0000000020000004                uwTickPrio
 .data.uwTickFreq
                0x0000000020000008        0x1 Drivers/STM32F7xx_HAL_Driver/Src/stm32f7xx_hal.o
                0x0000000020000008                uwTickFreq
 *(.RamFunc)
 *(.RamFunc*)
                0x000000002000000c                . = ALIGN (0x4)
 *fill*         0x0000000020000009        0x3 
                0x000000002000000c                _edata = .

.igot.plt       0x000000002000000c        0x0 load address 0x000000000800327c
 .igot.plt      0x000000002000000c        0x0 c:/st/stm32cubeide_1.1.0/stm32cubeide/plugins/com.st.stm32cube.ide.mcu.externaltools.gnu-tools-for-stm32.7-2018-q2-update.win32_1.5.0.202011040924/tools/bin/../lib/gcc/arm-none-eabi/7.3.1/thumb/v7e-m/fpv4-sp/hard/crtbegin.o
                0x000000002000000c                . = ALIGN (0x4)

.bss            0x000000002000000c      0x360 load address 0x000000000800327c
                0x000000002000000c                _sbss = .
                0x000000002000000c                __bss_start__ = _sbss
 *(.bss)
 .bss           0x000000002000000c       0x1c c:/st/stm32cubeide_1.1.0/stm32cubeide/plugins/com.st.stm32cube.ide.mcu.externaltools.gnu-tools-for-stm32.7-2018-q2-update.win32_1.5.0.202011040924/tools/bin/../lib/gcc/arm-none-eabi/7.3.1/thumb/v7e-m/fpv4-sp/hard/crtbegin.o
 *(.bss*)
 .bss.my_motor_value
                0x0000000020000028        0x8 Core/Src/main.o
                0x0000000020000028                my_motor_value
 *(COMMON)
 COMMON         0x0000000020000030      0x338 Core/Src/main.o
                0x0000000020000030                hdma_tim2_ch1
                0x0000000020000090                hdma_tim5_ch4_trig
                0x00000000200000f0                htim5
                0x000000002000013c                hdma_tim2_up_ch3
                0x000000002000019c                motor3_dmabuffer
                0x00000000200001e4                hdma_tim5_ch2
                0x0000000020000244                motor2_dmabuffer
                0x000000002000028c                motor1_dmabuffer
                0x00000000200002d4                htim2
                0x0000000020000320                motor4_dmabuffer
 COMMON         0x0000000020000368        0x4 Drivers/STM32F7xx_HAL_Driver/Src/stm32f7xx_hal.o
                0x0000000020000368                uwTick
                0x000000002000036c                . = ALIGN (0x4)
                0x000000002000036c                _ebss = .
                0x000000002000036c                __bss_end__ = _ebss

._user_heap_stack
                0x000000002000036c      0x604 load address 0x000000000800327c
                0x0000000020000370                . = ALIGN (0x8)
 *fill*         0x000000002000036c        0x4 
                [!provide]                        PROVIDE (end = .)
                0x0000000020000370                PROVIDE (_end = .)
                0x0000000020000570                . = (. + _Min_Heap_Size)
 *fill*         0x0000000020000370      0x200 
                0x0000000020000970                . = (. + _Min_Stack_Size)
 *fill*         0x0000000020000570      0x400 
                0x0000000020000970                . = ALIGN (0x8)

/DISCARD/
 libc.a(*)
 libm.a(*)
 libgcc.a(*)

.ARM.attributes
                0x0000000000000000       0x30
 *(.ARM.attributes)
 .ARM.attributes
                0x0000000000000000       0x22 c:/st/stm32cubeide_1.1.0/stm32cubeide/plugins/com.st.stm32cube.ide.mcu.externaltools.gnu-tools-for-stm32.7-2018-q2-update.win32_1.5.0.202011040924/tools/bin/../lib/gcc/arm-none-eabi/7.3.1/thumb/v7e-m/fpv4-sp/hard/crti.o
 .ARM.attributes
                0x0000000000000022       0x34 c:/st/stm32cubeide_1.1.0/stm32cubeide/plugins/com.st.stm32cube.ide.mcu.externaltools.gnu-tools-for-stm32.7-2018-q2-update.win32_1.5.0.202011040924/tools/bin/../lib/gcc/arm-none-eabi/7.3.1/thumb/v7e-m/fpv4-sp/hard/crtbegin.o
 .ARM.attributes
                0x0000000000000056       0x39 Core/Src/main.o
 .ARM.attributes
                0x000000000000008f       0x39 Core/Src/stm32f7xx_hal_msp.o
 .ARM.attributes
                0x00000000000000c8       0x39 Core/Src/stm32f7xx_it.o
 .ARM.attributes
                0x0000000000000101       0x39 Core/Src/system_stm32f7xx.o
 .ARM.attributes
                0x000000000000013a       0x21 Core/Startup/startup_stm32f746zgtx.o
 .ARM.attributes
                0x000000000000015b       0x39 Drivers/STM32F7xx_HAL_Driver/Src/stm32f7xx_hal.o
 .ARM.attributes
                0x0000000000000194       0x39 Drivers/STM32F7xx_HAL_Driver/Src/stm32f7xx_hal_cortex.o
 .ARM.attributes
                0x00000000000001cd       0x39 Drivers/STM32F7xx_HAL_Driver/Src/stm32f7xx_hal_dma.o
 .ARM.attributes
                0x0000000000000206       0x39 Drivers/STM32F7xx_HAL_Driver/Src/stm32f7xx_hal_gpio.o
 .ARM.attributes
                0x000000000000023f       0x39 Drivers/STM32F7xx_HAL_Driver/Src/stm32f7xx_hal_pwr_ex.o
 .ARM.attributes
                0x0000000000000278       0x39 Drivers/STM32F7xx_HAL_Driver/Src/stm32f7xx_hal_rcc.o
 .ARM.attributes
                0x00000000000002b1       0x39 Drivers/STM32F7xx_HAL_Driver/Src/stm32f7xx_hal_tim.o
 .ARM.attributes
                0x00000000000002ea       0x39 Drivers/STM32F7xx_HAL_Driver/Src/stm32f7xx_hal_tim_ex.o
 .ARM.attributes
                0x0000000000000323       0x34 c:/st/stm32cubeide_1.1.0/stm32cubeide/plugins/com.st.stm32cube.ide.mcu.externaltools.gnu-tools-for-stm32.7-2018-q2-update.win32_1.5.0.202011040924/tools/bin/../lib/gcc/arm-none-eabi/7.3.1/../../../../arm-none-eabi/lib/thumb/v7e-m/fpv4-sp/hard\libc_nano.a(lib_a-init.o)
 .ARM.attributes
                0x0000000000000357       0x34 c:/st/stm32cubeide_1.1.0/stm32cubeide/plugins/com.st.stm32cube.ide.mcu.externaltools.gnu-tools-for-stm32.7-2018-q2-update.win32_1.5.0.202011040924/tools/bin/../lib/gcc/arm-none-eabi/7.3.1/../../../../arm-none-eabi/lib/thumb/v7e-m/fpv4-sp/hard\libc_nano.a(lib_a-memset.o)
 .ARM.attributes
                0x000000000000038b       0x22 c:/st/stm32cubeide_1.1.0/stm32cubeide/plugins/com.st.stm32cube.ide.mcu.externaltools.gnu-tools-for-stm32.7-2018-q2-update.win32_1.5.0.202011040924/tools/bin/../lib/gcc/arm-none-eabi/7.3.1/thumb/v7e-m/fpv4-sp/hard\libgcc.a(_aeabi_uldivmod.o)
 .ARM.attributes
                0x00000000000003ad       0x34 c:/st/stm32cubeide_1.1.0/stm32cubeide/plugins/com.st.stm32cube.ide.mcu.externaltools.gnu-tools-for-stm32.7-2018-q2-update.win32_1.5.0.202011040924/tools/bin/../lib/gcc/arm-none-eabi/7.3.1/thumb/v7e-m/fpv4-sp/hard\libgcc.a(_udivmoddi4.o)
 .ARM.attributes
                0x00000000000003e1       0x22 c:/st/stm32cubeide_1.1.0/stm32cubeide/plugins/com.st.stm32cube.ide.mcu.externaltools.gnu-tools-for-stm32.7-2018-q2-update.win32_1.5.0.202011040924/tools/bin/../lib/gcc/arm-none-eabi/7.3.1/thumb/v7e-m/fpv4-sp/hard\libgcc.a(_dvmd_tls.o)
 .ARM.attributes
                0x0000000000000403       0x22 c:/st/stm32cubeide_1.1.0/stm32cubeide/plugins/com.st.stm32cube.ide.mcu.externaltools.gnu-tools-for-stm32.7-2018-q2-update.win32_1.5.0.202011040924/tools/bin/../lib/gcc/arm-none-eabi/7.3.1/thumb/v7e-m/fpv4-sp/hard/crtn.o
OUTPUT(Drone-STM32F746.elf elf32-littlearm)

.debug_info     0x0000000000000000     0xa71e
 .debug_info    0x0000000000000000     0x116e Core/Src/main.o
 .debug_info    0x000000000000116e      0xb78 Core/Src/stm32f7xx_hal_msp.o
 .debug_info    0x0000000000001ce6      0x4c7 Core/Src/stm32f7xx_it.o
 .debug_info    0x00000000000021ad      0x73d Core/Src/system_stm32f7xx.o
 .debug_info    0x00000000000028ea       0x22 Core/Startup/startup_stm32f746zgtx.o
 .debug_info    0x000000000000290c      0x9d3 Drivers/STM32F7xx_HAL_Driver/Src/stm32f7xx_hal.o
 .debug_info    0x00000000000032df     0x104a Drivers/STM32F7xx_HAL_Driver/Src/stm32f7xx_hal_cortex.o
 .debug_info    0x0000000000004329      0x968 Drivers/STM32F7xx_HAL_Driver/Src/stm32f7xx_hal_dma.o
 .debug_info    0x0000000000004c91      0x7eb Drivers/STM32F7xx_HAL_Driver/Src/stm32f7xx_hal_gpio.o
 .debug_info    0x000000000000547c      0x96b Drivers/STM32F7xx_HAL_Driver/Src/stm32f7xx_hal_pwr_ex.o
 .debug_info    0x0000000000005de7      0x935 Drivers/STM32F7xx_HAL_Driver/Src/stm32f7xx_hal_rcc.o
 .debug_info    0x000000000000671c     0x2abd Drivers/STM32F7xx_HAL_Driver/Src/stm32f7xx_hal_tim.o
 .debug_info    0x00000000000091d9     0x1545 Drivers/STM32F7xx_HAL_Driver/Src/stm32f7xx_hal_tim_ex.o

.debug_abbrev   0x0000000000000000     0x17c6
 .debug_abbrev  0x0000000000000000      0x273 Core/Src/main.o
 .debug_abbrev  0x0000000000000273      0x1c6 Core/Src/stm32f7xx_hal_msp.o
 .debug_abbrev  0x0000000000000439      0x149 Core/Src/stm32f7xx_it.o
 .debug_abbrev  0x0000000000000582      0x147 Core/Src/system_stm32f7xx.o
 .debug_abbrev  0x00000000000006c9       0x12 Core/Startup/startup_stm32f746zgtx.o
 .debug_abbrev  0x00000000000006db      0x1c7 Drivers/STM32F7xx_HAL_Driver/Src/stm32f7xx_hal.o
 .debug_abbrev  0x00000000000008a2      0x2fa Drivers/STM32F7xx_HAL_Driver/Src/stm32f7xx_hal_cortex.o
 .debug_abbrev  0x0000000000000b9c      0x229 Drivers/STM32F7xx_HAL_Driver/Src/stm32f7xx_hal_dma.o
 .debug_abbrev  0x0000000000000dc5      0x1c9 Drivers/STM32F7xx_HAL_Driver/Src/stm32f7xx_hal_gpio.o
 .debug_abbrev  0x0000000000000f8e      0x1b8 Drivers/STM32F7xx_HAL_Driver/Src/stm32f7xx_hal_pwr_ex.o
 .debug_abbrev  0x0000000000001146      0x21a Drivers/STM32F7xx_HAL_Driver/Src/stm32f7xx_hal_rcc.o
 .debug_abbrev  0x0000000000001360      0x230 Drivers/STM32F7xx_HAL_Driver/Src/stm32f7xx_hal_tim.o
 .debug_abbrev  0x0000000000001590      0x236 Drivers/STM32F7xx_HAL_Driver/Src/stm32f7xx_hal_tim_ex.o

.debug_aranges  0x0000000000000000      0xae0
 .debug_aranges
                0x0000000000000000       0x78 Core/Src/main.o
 .debug_aranges
                0x0000000000000078       0x38 Core/Src/stm32f7xx_hal_msp.o
 .debug_aranges
                0x00000000000000b0       0x80 Core/Src/stm32f7xx_it.o
 .debug_aranges
                0x0000000000000130       0x28 Core/Src/system_stm32f7xx.o
 .debug_aranges
                0x0000000000000158       0x28 Core/Startup/startup_stm32f746zgtx.o
 .debug_aranges
                0x0000000000000180      0x100 Drivers/STM32F7xx_HAL_Driver/Src/stm32f7xx_hal.o
 .debug_aranges
                0x0000000000000280      0x118 Drivers/STM32F7xx_HAL_Driver/Src/stm32f7xx_hal_cortex.o
 .debug_aranges
                0x0000000000000398       0x90 Drivers/STM32F7xx_HAL_Driver/Src/stm32f7xx_hal_dma.o
 .debug_aranges
                0x0000000000000428       0x58 Drivers/STM32F7xx_HAL_Driver/Src/stm32f7xx_hal_gpio.o
 .debug_aranges
                0x0000000000000480       0x80 Drivers/STM32F7xx_HAL_Driver/Src/stm32f7xx_hal_pwr_ex.o
 .debug_aranges
                0x0000000000000500       0x88 Drivers/STM32F7xx_HAL_Driver/Src/stm32f7xx_hal_rcc.o
 .debug_aranges
                0x0000000000000588      0x3e0 Drivers/STM32F7xx_HAL_Driver/Src/stm32f7xx_hal_tim.o
 .debug_aranges
                0x0000000000000968      0x178 Drivers/STM32F7xx_HAL_Driver/Src/stm32f7xx_hal_tim_ex.o

.debug_ranges   0x0000000000000000      0xa18
 .debug_ranges  0x0000000000000000       0x68 Core/Src/main.o
 .debug_ranges  0x0000000000000068       0x28 Core/Src/stm32f7xx_hal_msp.o
 .debug_ranges  0x0000000000000090       0x70 Core/Src/stm32f7xx_it.o
 .debug_ranges  0x0000000000000100       0x18 Core/Src/system_stm32f7xx.o
 .debug_ranges  0x0000000000000118       0x20 Core/Startup/startup_stm32f746zgtx.o
 .debug_ranges  0x0000000000000138       0xf0 Drivers/STM32F7xx_HAL_Driver/Src/stm32f7xx_hal.o
 .debug_ranges  0x0000000000000228      0x108 Drivers/STM32F7xx_HAL_Driver/Src/stm32f7xx_hal_cortex.o
 .debug_ranges  0x0000000000000330       0x80 Drivers/STM32F7xx_HAL_Driver/Src/stm32f7xx_hal_dma.o
 .debug_ranges  0x00000000000003b0       0x48 Drivers/STM32F7xx_HAL_Driver/Src/stm32f7xx_hal_gpio.o
 .debug_ranges  0x00000000000003f8       0x70 Drivers/STM32F7xx_HAL_Driver/Src/stm32f7xx_hal_pwr_ex.o
 .debug_ranges  0x0000000000000468       0x78 Drivers/STM32F7xx_HAL_Driver/Src/stm32f7xx_hal_rcc.o
 .debug_ranges  0x00000000000004e0      0x3d0 Drivers/STM32F7xx_HAL_Driver/Src/stm32f7xx_hal_tim.o
 .debug_ranges  0x00000000000008b0      0x168 Drivers/STM32F7xx_HAL_Driver/Src/stm32f7xx_hal_tim_ex.o

.debug_macro    0x0000000000000000    0x247c7
 .debug_macro   0x0000000000000000      0x229 Core/Src/main.o
 .debug_macro   0x0000000000000229      0xa5a Core/Src/main.o
 .debug_macro   0x0000000000000c83      0x28d Core/Src/main.o
 .debug_macro   0x0000000000000f10       0x2e Core/Src/main.o
 .debug_macro   0x0000000000000f3e       0x3b Core/Src/main.o
 .debug_macro   0x0000000000000f79       0x22 Core/Src/main.o
 .debug_macro   0x0000000000000f9b       0x8e Core/Src/main.o
 .debug_macro   0x0000000000001029       0x51 Core/Src/main.o
 .debug_macro   0x000000000000107a       0xef Core/Src/main.o
 .debug_macro   0x0000000000001169       0x6a Core/Src/main.o
 .debug_macro   0x00000000000011d3      0x1df Core/Src/main.o
 .debug_macro   0x00000000000013b2       0x1c Core/Src/main.o
 .debug_macro   0x00000000000013ce       0x22 Core/Src/main.o
 .debug_macro   0x00000000000013f0       0xdf Core/Src/main.o
 .debug_macro   0x00000000000014cf     0x12cd Core/Src/main.o
 .debug_macro   0x000000000000279c      0x11f Core/Src/main.o
 .debug_macro   0x00000000000028bb       0x19 Core/Src/main.o
 .debug_macro   0x00000000000028d4    0x191da Core/Src/main.o
 .debug_macro   0x000000000001baae       0x6d Core/Src/main.o
 .debug_macro   0x000000000001bb1b     0x3714 Core/Src/main.o
 .debug_macro   0x000000000001f22f      0x174 Core/Src/main.o
 .debug_macro   0x000000000001f3a3       0x63 Core/Src/main.o
 .debug_macro   0x000000000001f406     0x18ad Core/Src/main.o
 .debug_macro   0x0000000000020cb3      0x6c4 Core/Src/main.o
 .debug_macro   0x0000000000021377      0x185 Core/Src/main.o
 .debug_macro   0x00000000000214fc      0x115 Core/Src/main.o
 .debug_macro   0x0000000000021611      0x1fd Core/Src/main.o
 .debug_macro   0x000000000002180e       0xa5 Core/Src/main.o
 .debug_macro   0x00000000000218b3      0x24f Core/Src/main.o
 .debug_macro   0x0000000000021b02       0x41 Core/Src/main.o
 .debug_macro   0x0000000000021b43       0x58 Core/Src/main.o
 .debug_macro   0x0000000000021b9b      0x236 Core/Src/main.o
 .debug_macro   0x0000000000021dd1      0x14e Core/Src/main.o
 .debug_macro   0x0000000000021f1f      0x25a Core/Src/main.o
 .debug_macro   0x0000000000022179       0x12 Core/Src/main.o
 .debug_macro   0x000000000002218b      0x22c Core/Src/main.o
 .debug_macro   0x00000000000223b7       0x61 Core/Src/main.o
 .debug_macro   0x0000000000022418       0xa5 Core/Src/main.o
 .debug_macro   0x00000000000224bd      0x12e Core/Src/main.o
 .debug_macro   0x00000000000225eb      0x108 Core/Src/main.o
 .debug_macro   0x00000000000226f3       0x35 Core/Src/main.o
 .debug_macro   0x0000000000022728      0xa60 Core/Src/main.o
 .debug_macro   0x0000000000023188       0x59 Core/Src/main.o
 .debug_macro   0x00000000000231e1      0x14d Core/Src/main.o
 .debug_macro   0x000000000002332e       0x22 Core/Src/main.o
 .debug_macro   0x0000000000023350      0x1e1 Core/Src/stm32f7xx_hal_msp.o
 .debug_macro   0x0000000000023531      0x1eb Core/Src/stm32f7xx_it.o
 .debug_macro   0x000000000002371c      0x1ce Core/Src/system_stm32f7xx.o
 .debug_macro   0x00000000000238ea      0x1f2 Drivers/STM32F7xx_HAL_Driver/Src/stm32f7xx_hal.o
 .debug_macro   0x0000000000023adc      0x1ce Drivers/STM32F7xx_HAL_Driver/Src/stm32f7xx_hal_cortex.o
 .debug_macro   0x0000000000023caa      0x1d4 Drivers/STM32F7xx_HAL_Driver/Src/stm32f7xx_hal_dma.o
 .debug_macro   0x0000000000023e7e      0x1d4 Drivers/STM32F7xx_HAL_Driver/Src/stm32f7xx_hal_gpio.o
 .debug_macro   0x0000000000024052      0x1e6 Drivers/STM32F7xx_HAL_Driver/Src/stm32f7xx_hal_pwr_ex.o
 .debug_macro   0x0000000000024238      0x1f2 Drivers/STM32F7xx_HAL_Driver/Src/stm32f7xx_hal_rcc.o
 .debug_macro   0x000000000002442a      0x1cf Drivers/STM32F7xx_HAL_Driver/Src/stm32f7xx_hal_tim.o
 .debug_macro   0x00000000000245f9      0x1ce Drivers/STM32F7xx_HAL_Driver/Src/stm32f7xx_hal_tim_ex.o

.debug_line     0x0000000000000000     0x8e69
 .debug_line    0x0000000000000000      0x846 Core/Src/main.o
 .debug_line    0x0000000000000846      0x76a Core/Src/stm32f7xx_hal_msp.o
 .debug_line    0x0000000000000fb0      0x7b6 Core/Src/stm32f7xx_it.o
 .debug_line    0x0000000000001766      0x6d1 Core/Src/system_stm32f7xx.o
 .debug_line    0x0000000000001e37       0x88 Core/Startup/startup_stm32f746zgtx.o
 .debug_line    0x0000000000001ebf      0x8e1 Drivers/STM32F7xx_HAL_Driver/Src/stm32f7xx_hal.o
 .debug_line    0x00000000000027a0      0x9e2 Drivers/STM32F7xx_HAL_Driver/Src/stm32f7xx_hal_cortex.o
 .debug_line    0x0000000000003182      0x988 Drivers/STM32F7xx_HAL_Driver/Src/stm32f7xx_hal_dma.o
 .debug_line    0x0000000000003b0a      0x8b1 Drivers/STM32F7xx_HAL_Driver/Src/stm32f7xx_hal_gpio.o
 .debug_line    0x00000000000043bb      0x802 Drivers/STM32F7xx_HAL_Driver/Src/stm32f7xx_hal_pwr_ex.o
 .debug_line    0x0000000000004bbd      0x957 Drivers/STM32F7xx_HAL_Driver/Src/stm32f7xx_hal_rcc.o
 .debug_line    0x0000000000005514     0x2631 Drivers/STM32F7xx_HAL_Driver/Src/stm32f7xx_hal_tim.o
 .debug_line    0x0000000000007b45     0x1324 Drivers/STM32F7xx_HAL_Driver/Src/stm32f7xx_hal_tim_ex.o

.debug_str      0x0000000000000000    0xe6bca
 .debug_str     0x0000000000000000    0xe44d2 Core/Src/main.o
                                      0xe4c88 (size before relaxing)
 .debug_str     0x00000000000e44d2       0xdb Core/Src/stm32f7xx_hal_msp.o
                                      0xe431e (size before relaxing)
 .debug_str     0x00000000000e45ad      0x11d Core/Src/stm32f7xx_it.o
                                      0xe3eea (size before relaxing)
 .debug_str     0x00000000000e46ca      0x178 Core/Src/system_stm32f7xx.o
                                      0xe3d82 (size before relaxing)
 .debug_str     0x00000000000e4842       0x36 Core/Startup/startup_stm32f746zgtx.o
                                         0x6f (size before relaxing)
 .debug_str     0x00000000000e4878      0x38c Drivers/STM32F7xx_HAL_Driver/Src/stm32f7xx_hal.o
                                      0xe4649 (size before relaxing)
 .debug_str     0x00000000000e4c04      0x394 Drivers/STM32F7xx_HAL_Driver/Src/stm32f7xx_hal_cortex.o
                                      0xe46f0 (size before relaxing)
 .debug_str     0x00000000000e4f98      0x336 Drivers/STM32F7xx_HAL_Driver/Src/stm32f7xx_hal_dma.o
                                      0xe40d1 (size before relaxing)
 .debug_str     0x00000000000e52ce      0x164 Drivers/STM32F7xx_HAL_Driver/Src/stm32f7xx_hal_gpio.o
                                      0xe3e6c (size before relaxing)
 .debug_str     0x00000000000e5432      0x1d1 Drivers/STM32F7xx_HAL_Driver/Src/stm32f7xx_hal_pwr_ex.o
                                      0xe4011 (size before relaxing)
 .debug_str     0x00000000000e5603      0x278 Drivers/STM32F7xx_HAL_Driver/Src/stm32f7xx_hal_rcc.o
                                      0xe40b2 (size before relaxing)
 .debug_str     0x00000000000e587b      0xdff Drivers/STM32F7xx_HAL_Driver/Src/stm32f7xx_hal_tim.o
                                      0xe5031 (size before relaxing)
 .debug_str     0x00000000000e667a      0x550 Drivers/STM32F7xx_HAL_Driver/Src/stm32f7xx_hal_tim_ex.o
                                      0xe4835 (size before relaxing)

.comment        0x0000000000000000       0x7b
 .comment       0x0000000000000000       0x7b Core/Src/main.o
                                         0x7c (size before relaxing)
 .comment       0x000000000000007b       0x7c Core/Src/stm32f7xx_hal_msp.o
 .comment       0x000000000000007b       0x7c Core/Src/stm32f7xx_it.o
 .comment       0x000000000000007b       0x7c Core/Src/system_stm32f7xx.o
 .comment       0x000000000000007b       0x7c Drivers/STM32F7xx_HAL_Driver/Src/stm32f7xx_hal.o
 .comment       0x000000000000007b       0x7c Drivers/STM32F7xx_HAL_Driver/Src/stm32f7xx_hal_cortex.o
 .comment       0x000000000000007b       0x7c Drivers/STM32F7xx_HAL_Driver/Src/stm32f7xx_hal_dma.o
 .comment       0x000000000000007b       0x7c Drivers/STM32F7xx_HAL_Driver/Src/stm32f7xx_hal_gpio.o
 .comment       0x000000000000007b       0x7c Drivers/STM32F7xx_HAL_Driver/Src/stm32f7xx_hal_pwr_ex.o
 .comment       0x000000000000007b       0x7c Drivers/STM32F7xx_HAL_Driver/Src/stm32f7xx_hal_rcc.o
 .comment       0x000000000000007b       0x7c Drivers/STM32F7xx_HAL_Driver/Src/stm32f7xx_hal_tim.o
 .comment       0x000000000000007b       0x7c Drivers/STM32F7xx_HAL_Driver/Src/stm32f7xx_hal_tim_ex.o

.debug_frame    0x0000000000000000     0x2d24
 .debug_frame   0x0000000000000000      0x1bc Core/Src/main.o
 .debug_frame   0x00000000000001bc       0xa8 Core/Src/stm32f7xx_hal_msp.o
 .debug_frame   0x0000000000000264      0x174 Core/Src/stm32f7xx_it.o
 .debug_frame   0x00000000000003d8       0x58 Core/Src/system_stm32f7xx.o
 .debug_frame   0x0000000000000430      0x3b4 Drivers/STM32F7xx_HAL_Driver/Src/stm32f7xx_hal.o
 .debug_frame   0x00000000000007e4      0x498 Drivers/STM32F7xx_HAL_Driver/Src/stm32f7xx_hal_cortex.o
 .debug_frame   0x0000000000000c7c      0x250 Drivers/STM32F7xx_HAL_Driver/Src/stm32f7xx_hal_dma.o
 .debug_frame   0x0000000000000ecc      0x14c Drivers/STM32F7xx_HAL_Driver/Src/stm32f7xx_hal_gpio.o
 .debug_frame   0x0000000000001018      0x1c8 Drivers/STM32F7xx_HAL_Driver/Src/stm32f7xx_hal_pwr_ex.o
 .debug_frame   0x00000000000011e0      0x1f4 Drivers/STM32F7xx_HAL_Driver/Src/stm32f7xx_hal_rcc.o
 .debug_frame   0x00000000000013d4     0x121c Drivers/STM32F7xx_HAL_Driver/Src/stm32f7xx_hal_tim.o
 .debug_frame   0x00000000000025f0      0x688 Drivers/STM32F7xx_HAL_Driver/Src/stm32f7xx_hal_tim_ex.o
 .debug_frame   0x0000000000002c78       0x2c c:/st/stm32cubeide_1.1.0/stm32cubeide/plugins/com.st.stm32cube.ide.mcu.externaltools.gnu-tools-for-stm32.7-2018-q2-update.win32_1.5.0.202011040924/tools/bin/../lib/gcc/arm-none-eabi/7.3.1/../../../../arm-none-eabi/lib/thumb/v7e-m/fpv4-sp/hard\libc_nano.a(lib_a-init.o)
 .debug_frame   0x0000000000002ca4       0x20 c:/st/stm32cubeide_1.1.0/stm32cubeide/plugins/com.st.stm32cube.ide.mcu.externaltools.gnu-tools-for-stm32.7-2018-q2-update.win32_1.5.0.202011040924/tools/bin/../lib/gcc/arm-none-eabi/7.3.1/../../../../arm-none-eabi/lib/thumb/v7e-m/fpv4-sp/hard\libc_nano.a(lib_a-memset.o)
 .debug_frame   0x0000000000002cc4       0x2c c:/st/stm32cubeide_1.1.0/stm32cubeide/plugins/com.st.stm32cube.ide.mcu.externaltools.gnu-tools-for-stm32.7-2018-q2-update.win32_1.5.0.202011040924/tools/bin/../lib/gcc/arm-none-eabi/7.3.1/thumb/v7e-m/fpv4-sp/hard\libgcc.a(_aeabi_uldivmod.o)
 .debug_frame   0x0000000000002cf0       0x34 c:/st/stm32cubeide_1.1.0/stm32cubeide/plugins/com.st.stm32cube.ide.mcu.externaltools.gnu-tools-for-stm32.7-2018-q2-update.win32_1.5.0.202011040924/tools/bin/../lib/gcc/arm-none-eabi/7.3.1/thumb/v7e-m/fpv4-sp/hard\libgcc.a(_udivmoddi4.o)
